
Allocating common symbols
Common symbol       size              file

InBuffer            0x40              ..\obj\main.o
OutBuffer           0x3f              ..\obj\main.o
USB_OTG_dev         0x5f0             ..\obj\main.o
NVIC_InitStructure  0x4               ..\obj\stm32f4_discovery.o
USBD_StrDesc        0x3f              ..\obj\usbd_req.o

Discarded input sections

 .text          0x00000000        0x0 ..\obj\stm32f4xx_syscfg.o
 .data          0x00000000        0x0 ..\obj\stm32f4xx_syscfg.o
 .bss           0x00000000        0x0 ..\obj\stm32f4xx_syscfg.o
 .text.SYSCFG_DeInit
                0x00000000       0x20 ..\obj\stm32f4xx_syscfg.o
 .text.SYSCFG_MemoryRemapConfig
                0x00000000       0x20 ..\obj\stm32f4xx_syscfg.o
 .text.SYSCFG_ETH_MediaInterfaceConfig
                0x00000000       0x20 ..\obj\stm32f4xx_syscfg.o
 .text.SYSCFG_CompensationCellCmd
                0x00000000       0x20 ..\obj\stm32f4xx_syscfg.o
 .text.SYSCFG_GetCompensationCellStatus
                0x00000000       0x3c ..\obj\stm32f4xx_syscfg.o
 .text          0x00000000        0x0 ..\obj\usb_core.o
 .data          0x00000000        0x0 ..\obj\usb_core.o
 .bss           0x00000000        0x0 ..\obj\usb_core.o
 .text.USB_OTG_IsHostMode
                0x00000000       0x24 ..\obj\usb_core.o
 .text.USB_OTG_ReadOtgItr
                0x00000000       0x1c ..\obj\usb_core.o
 .text.USB_OTG_ActiveRemoteWakeup
                0x00000000       0x98 ..\obj\usb_core.o
 .text.USB_OTG_StopDevice
                0x00000000       0x9c ..\obj\usb_core.o
 .text.USB_OTG_GetEPStatus
                0x00000000       0xc0 ..\obj\usb_core.o
 .text.USB_OTG_SetEPStatus
                0x00000000      0x13c ..\obj\usb_core.o
 .text          0x00000000        0x0 ..\obj\stm32f4xx_sdio.o
 .data          0x00000000        0x0 ..\obj\stm32f4xx_sdio.o
 .bss           0x00000000        0x0 ..\obj\stm32f4xx_sdio.o
 .text.SDIO_DeInit
                0x00000000       0x20 ..\obj\stm32f4xx_sdio.o
 .text.SDIO_Init
                0x00000000       0x68 ..\obj\stm32f4xx_sdio.o
 .text.SDIO_StructInit
                0x00000000       0x44 ..\obj\stm32f4xx_sdio.o
 .text.SDIO_ClockCmd
                0x00000000       0x20 ..\obj\stm32f4xx_sdio.o
 .text.SDIO_SetPowerState
                0x00000000       0x20 ..\obj\stm32f4xx_sdio.o
 .text.SDIO_GetPowerState
                0x00000000       0x1c ..\obj\stm32f4xx_sdio.o
 .text.SDIO_SendCommand
                0x00000000       0x68 ..\obj\stm32f4xx_sdio.o
 .text.SDIO_CmdStructInit
                0x00000000       0x3c ..\obj\stm32f4xx_sdio.o
 .text.SDIO_GetCommandResponse
                0x00000000       0x18 ..\obj\stm32f4xx_sdio.o
 .text.SDIO_GetResponse
                0x00000000       0x2c ..\obj\stm32f4xx_sdio.o
 .text.SDIO_DataConfig
                0x00000000       0x70 ..\obj\stm32f4xx_sdio.o
 .text.SDIO_DataStructInit
                0x00000000       0x44 ..\obj\stm32f4xx_sdio.o
 .text.SDIO_GetDataCounter
                0x00000000       0x18 ..\obj\stm32f4xx_sdio.o
 .text.SDIO_ReadData
                0x00000000       0x18 ..\obj\stm32f4xx_sdio.o
 .text.SDIO_WriteData
                0x00000000       0x20 ..\obj\stm32f4xx_sdio.o
 .text.SDIO_GetFIFOCount
                0x00000000       0x18 ..\obj\stm32f4xx_sdio.o
 .text.SDIO_StartSDIOReadWait
                0x00000000       0x20 ..\obj\stm32f4xx_sdio.o
 .text.SDIO_StopSDIOReadWait
                0x00000000       0x20 ..\obj\stm32f4xx_sdio.o
 .text.SDIO_SetSDIOReadWaitMode
                0x00000000       0x20 ..\obj\stm32f4xx_sdio.o
 .text.SDIO_SetSDIOOperation
                0x00000000       0x20 ..\obj\stm32f4xx_sdio.o
 .text.SDIO_SendSDIOSuspendCmd
                0x00000000       0x20 ..\obj\stm32f4xx_sdio.o
 .text.SDIO_CommandCompletionCmd
                0x00000000       0x20 ..\obj\stm32f4xx_sdio.o
 .text.SDIO_CEATAITCmd
                0x00000000       0x2c ..\obj\stm32f4xx_sdio.o
 .text.SDIO_SendCEATACmd
                0x00000000       0x20 ..\obj\stm32f4xx_sdio.o
 .text.SDIO_DMACmd
                0x00000000       0x20 ..\obj\stm32f4xx_sdio.o
 .text.SDIO_ITConfig
                0x00000000       0x58 ..\obj\stm32f4xx_sdio.o
 .text.SDIO_GetFlagStatus
                0x00000000       0x40 ..\obj\stm32f4xx_sdio.o
 .text.SDIO_ClearFlag
                0x00000000       0x20 ..\obj\stm32f4xx_sdio.o
 .text.SDIO_GetITStatus
                0x00000000       0x40 ..\obj\stm32f4xx_sdio.o
 .text.SDIO_ClearITPendingBit
                0x00000000       0x20 ..\obj\stm32f4xx_sdio.o
 .text          0x00000000        0x0 ..\obj\stm32f4xx_hash.o
 .data          0x00000000        0x0 ..\obj\stm32f4xx_hash.o
 .bss           0x00000000        0x0 ..\obj\stm32f4xx_hash.o
 .text.HASH_DeInit
                0x00000000       0x20 ..\obj\stm32f4xx_hash.o
 .text.HASH_Init
                0x00000000       0xa8 ..\obj\stm32f4xx_hash.o
 .text.HASH_StructInit
                0x00000000       0x34 ..\obj\stm32f4xx_hash.o
 .text.HASH_Reset
[...]
Memory Configuration

Name             Origin             Length             Attributes
rom              0x08000000         0x00100000         xr
ram              0x20000000         0x00020000         xrw
ram1             0x10000000         0x00010000         xrw
*default*        0x00000000         0xffffffff

Linker script and memory map

                0x20020000                _eram = 0x20020000

.text           0x08000000     0x56d4
 *(.isr_vector .isr_vector.*)
 .isr_vector    0x08000000      0x188 ..\obj\startup_stm32f4xx.o
                0x08000000                g_pfnVectors
 *(.text .text.* .gnu.linkonce.t.*)
 .text.SYSCFG_EXTILineConfig
                0x08000188       0xb4 ..\obj\stm32f4xx_syscfg.o
                0x08000188                SYSCFG_EXTILineConfig
 .text.USB_OTG_EnableCommonInt
                0x0800023c       0x44 ..\obj\usb_core.o
 .text.USB_OTG_CoreReset
                0x08000280       0xa8 ..\obj\usb_core.o
 .text.USB_OTG_WritePacket
                0x08000328       0x84 ..\obj\usb_core.o
                0x08000328                USB_OTG_WritePacket
 .text.USB_OTG_ReadPacket
                0x080003ac       0x68 ..\obj\usb_core.o
                0x080003ac                USB_OTG_ReadPacket
 .text.USB_OTG_SelectCore
                0x08000414      0x1b4 ..\obj\usb_core.o
                0x08000414                USB_OTG_SelectCore
 .text.USB_OTG_CoreInit
                0x080005c8      0x1f8 ..\obj\usb_core.o
                0x080005c8                USB_OTG_CoreInit
 .text.USB_OTG_EnableGlobalInt
                0x080007c0       0x3c ..\obj\usb_core.o
                0x080007c0                USB_OTG_EnableGlobalInt
 .text.USB_OTG_DisableGlobalInt
                0x080007fc       0x40 ..\obj\usb_core.o
                0x080007fc                USB_OTG_DisableGlobalInt
 .text.USB_OTG_FlushTxFifo
                0x0800083c       0x80 ..\obj\usb_core.o
                0x0800083c                USB_OTG_FlushTxFifo
 .text.USB_OTG_FlushRxFifo
                0x080008bc       0x6c ..\obj\usb_core.o
                0x080008bc                USB_OTG_FlushRxFifo
 .text.USB_OTG_SetCurrentMode
                0x08000928       0x64 ..\obj\usb_core.o
                0x08000928                USB_OTG_SetCurrentMode
 .text.USB_OTG_GetMode
                0x0800098c       0x20 ..\obj\usb_core.o
                0x0800098c                USB_OTG_GetMode
 .text.USB_OTG_IsDeviceMode
                0x080009ac       0x24 ..\obj\usb_core.o
                0x080009ac                USB_OTG_IsDeviceMode
 .text.USB_OTG_ReadCoreItr
                0x080009d0       0x30 ..\obj\usb_core.o
                0x080009d0                USB_OTG_ReadCoreItr
 .text.USB_OTG_InitDevSpeed
                0x08000a00       0x38 ..\obj\usb_core.o
                0x08000a00                USB_OTG_InitDevSpeed
 .text.USB_OTG_CoreInitDev
                0x08000a38      0x2d8 ..\obj\usb_core.o
                0x08000a38                USB_OTG_CoreInitDev
 .text.USB_OTG_EnableDevInt
                0x08000d10       0xa4 ..\obj\usb_core.o
                0x08000d10                USB_OTG_EnableDevInt
 .text.USB_OTG_GetDeviceSpeed
                0x08000db4       0x50 ..\obj\usb_core.o
                0x08000db4                USB_OTG_GetDeviceSpeed
 .text.USB_OTG_EP0Activate
                0x08000e04       0x80 ..\obj\usb_core.o
                0x08000e04                USB_OTG_EP0Activate
 .text.USB_OTG_EPActivate
                0x08000e84       0xf4 ..\obj\usb_core.o
                0x08000e84                USB_OTG_EPActivate
 .text.USB_OTG_EPDeactivate
                0x08000f78       0xa0 ..\obj\usb_core.o
                0x08000f78                USB_OTG_EPDeactivate
 .text.USB_OTG_EPStartXfer
                0x08001018      0x2d4 ..\obj\usb_core.o
                0x08001018                USB_OTG_EPStartXfer
 .text.USB_OTG_EP0StartXfer
                0x080012ec      0x200 ..\obj\usb_core.o
                0x080012ec                USB_OTG_EP0StartXfer
 .text.USB_OTG_EPSetStall
                0x080014ec       0x94 ..\obj\usb_core.o
                0x080014ec                USB_OTG_EPSetStall
 .text.USB_OTG_EPClearStall
                0x08001580       0x84 ..\obj\usb_core.o
                0x08001580                USB_OTG_EPClearStall
 .text.USB_OTG_ReadDevAllOutEp_itr
                0x08001604       0x30 ..\obj\usb_core.o
                0x08001604                USB_OTG_ReadDevAllOutEp_itr
 .text.USB_OTG_ReadDevOutEP_itr
                0x08001634       0x3c ..\obj\usb_core.o
                0x08001634                USB_OTG_ReadDevOutEP_itr
 .text.USB_OTG_ReadDevAllInEPItr
                0x08001670       0x34 ..\obj\usb_core.o
                0x08001670                USB_OTG_ReadDevAllInEPItr
 .text.USB_OTG_EP0_OutStart
                0x080016a4       0x78 ..\obj\usb_core.o
                0x080016a4                USB_OTG_EP0_OutStart
 .text.USB_OTG_UngateClock
                0x0800171c       0x54 ..\obj\usb_core.o
                0x0800171c                USB_OTG_UngateClock
 .text.USBD_USR_Init
                0x08001770        0xc ..\obj\usbd_usr.o
                0x08001770                USBD_USR_Init
 .text.USBD_USR_DeviceReset
                0x0800177c       0x14 ..\obj\usbd_usr.o
                0x0800177c                USBD_USR_DeviceReset
 .text.USBD_USR_DeviceConfigured
                0x08001790        0xc ..\obj\usbd_usr.o
                0x08001790                USBD_USR_DeviceConfigured
 .text.USBD_USR_DeviceSuspended
                0x0800179c        0xc ..\obj\usbd_usr.o
                0x0800179c                USBD_USR_DeviceSuspended
 .text.USBD_USR_DeviceResumed
                0x080017a8        0xc ..\obj\usbd_usr.o
                0x080017a8                USBD_USR_DeviceResumed
 .text.Default_Reset_Handler
                0x080017b4       0x7c ..\obj\startup_stm32f4xx.o
                0x080017b4                Default_Reset_Handler
                0x080017b4                Reset_Handler
 .text.Default_Handler
                0x08001830        0x8 ..\obj\startup_stm32f4xx.o
                0x08001830                RTC_Alarm_IRQHandler
                0x08001830                HASH_RNG_IRQHandler
                0x08001830                EXTI2_IRQHandler
                0x08001830                TIM8_CC_IRQHandler
                0x08001830                TIM1_CC_IRQHandler
                0x08001830                DMA2_Stream5_IRQHandler
                0x08001830                DMA1_Stream5_IRQHandler
                0x08001830                PVD_IRQHandler
                0x08001830                SDIO_IRQHandler
                0x08001830                TAMP_STAMP_IRQHandler
                0x08001830                CAN2_RX1_IRQHandler
                0x08001830                EXTI3_IRQHandler
                0x08001830                TIM8_TRG_COM_TIM14_IRQHandler
                0x08001830                TIM1_UP_TIM10_IRQHandler
                0x08001830                TIM8_UP_TIM13_IRQHandler
                0x08001830                I2C3_ER_IRQHandler
                0x08001830                EXTI0_IRQHandler
                0x08001830                I2C2_EV_IRQHandler
                0x08001830                DMA1_Stream2_IRQHandler
                0x08001830                CAN1_RX0_IRQHandler
                0x08001830                FPU_IRQHandler
                0x08001830                OTG_HS_WKUP_IRQHandler
                0x08001830                CAN2_SCE_IRQHandler
                0x08001830                DMA2_Stream2_IRQHandler
                0x08001830                SPI1_IRQHandler
                0x08001830                TIM6_DAC_IRQHandler
                0x08001830                TIM1_BRK_TIM9_IRQHandler
                0x08001830                DCMI_IRQHandler
                0x08001830                CAN2_RX0_IRQHandler
                0x08001830                DMA2_Stream3_IRQHandler
                0x08001830                USART6_IRQHandler
                0x08001830                USART3_IRQHandler
                0x08001830                CRYP_IRQHandler
                0x08001830                CAN1_RX1_IRQHandler
                0x08001830                UART5_IRQHandler
                0x08001830                DMA2_Stream0_IRQHandler
                0x08001830                TIM4_IRQHandler
                0x08001830                I2C1_EV_IRQHandler
                0x08001830                DMA1_Stream6_IRQHandler
                0x08001830                DMA1_Stream1_IRQHandler
                0x08001830                UART4_IRQHandler
                0x08001830                TIM3_IRQHandler
                0x08001830                RCC_IRQHandler
                0x08001830                TIM8_BRK_TIM12_IRQHandler
                0x08001830                EXTI15_10_IRQHandler
                0x08001830                ADC_IRQHandler
                0x08001830                DMA1_Stream7_IRQHandler
                0x08001830                TIM7_IRQHandler
                0x08001830                CAN2_TX_IRQHandler
                0x08001830                TIM5_IRQHandler
                0x08001830                DMA2_Stream7_IRQHandler
                0x08001830                I2C3_EV_IRQHandler
                0x08001830                EXTI9_5_IRQHandler
                0x08001830                RTC_WKUP_IRQHandler
                0x08001830                ETH_WKUP_IRQHandler
                0x08001830                SPI2_IRQHandler
                0x08001830                OTG_HS_EP1_IN_IRQHandler
                0x08001830                CAN1_TX_IRQHandler
                0x08001830                EXTI4_IRQHandler
                0x08001830                FSMC_IRQHandler
                0x08001830                ETH_IRQHandler
                0x08001830                OTG_HS_EP1_OUT_IRQHandler
                0x08001830                WWDG_IRQHandler
                0x08001830                TIM2_IRQHandler
                0x08001830                TIM1_TRG_COM_TIM11_IRQHandler
                0x08001830                OTG_HS_IRQHandler
                0x08001830                EXTI1_IRQHandler
                0x08001830                USART2_IRQHandler
                0x08001830                I2C2_ER_IRQHandler
                0x08001830                DMA2_Stream1_IRQHandler
                0x08001830                CAN1_SCE_IRQHandler
                0x08001830                FLASH_IRQHandler
                0x08001830                DMA2_Stream4_IRQHandler
                0x08001830                USART1_IRQHandler
                0x08001830                SPI3_IRQHandler
                0x08001830                DMA1_Stream4_IRQHandler
                0x08001830                I2C1_ER_IRQHandler
                0x08001830                DMA2_Stream6_IRQHandler
                0x08001830                DMA1_Stream3_IRQHandler
 .text.STM32F4_Discovery_LEDInit
                0x08001838       0x6c ..\obj\stm32f4_discovery.o
                0x08001838                STM32F4_Discovery_LEDInit
 .text.STM32F4_Discovery_LEDOn
                0x080018a4       0x34 ..\obj\stm32f4_discovery.o
                0x080018a4                STM32F4_Discovery_LEDOn
 .text.STM32F4_Discovery_LEDOff
                0x080018d8       0x34 ..\obj\stm32f4_discovery.o
                0x080018d8                STM32F4_Discovery_LEDOff
 .text.STM32F4_Discovery_PBInit
                0x0800190c       0xec ..\obj\stm32f4_discovery.o
                0x0800190c                STM32F4_Discovery_PBInit
 .text.STM32F4_Discovery_PBGetState
                0x080019f8       0x3c ..\obj\stm32f4_discovery.o
                0x080019f8                STM32F4_Discovery_PBGetState
 .text.USBD_HID_Init
                0x08001a34       0x54 ..\obj\usbd_hid_core.o
 .text.USBD_HID_DeInit
                0x08001a88       0x30 ..\obj\usbd_hid_core.o
 .text.USBD_HID_Setup
                0x08001ab8      0x168 ..\obj\usbd_hid_core.o
 .text.USBD_HID_SendReport
                0x08001c20       0x34 ..\obj\usbd_hid_core.o
                0x08001c20                USBD_HID_SendReport
 .text.USBD_HID_GetCfgDesc
                0x08001c54       0x28 ..\obj\usbd_hid_core.o
 .text.USBD_HID_DataIn
                0x08001c7c       0x24 ..\obj\usbd_hid_core.o
 .text.USBD_HID_DataOut
                0x08001ca0       0x64 ..\obj\usbd_hid_core.o
 .text.USBD_Init
                0x08001d04       0x58 ..\obj\usbd_core.o
                0x08001d04                USBD_Init
 .text.USBD_DeInit
                0x08001d5c       0x18 ..\obj\usbd_core.o
                0x08001d5c                USBD_DeInit
 .text.USBD_SetupStage
                0x08001d74       0x70 ..\obj\usbd_core.o
 .text.USBD_DataOutStage
                0x08001de4       0xd4 ..\obj\usbd_core.o
 .text.USBD_DataInStage
                0x08001eb8      0x114 ..\obj\usbd_core.o
 .text.USBD_Reset
                0x08001fcc       0x54 ..\obj\usbd_core.o
 .text.USBD_Resume
                0x08002020       0x2c ..\obj\usbd_core.o
 .text.USBD_Suspend
                0x0800204c       0x2c ..\obj\usbd_core.o
 .text.USBD_SOF
                0x08002078       0x30 ..\obj\usbd_core.o
 .text.USBD_SetCfg
                0x080020a8       0x34 ..\obj\usbd_core.o
                0x080020a8                USBD_SetCfg
 .text.USBD_ClrCfg
                0x080020dc       0x2c ..\obj\usbd_core.o
                0x080020dc                USBD_ClrCfg
 .text.USBD_IsoINIncomplete
                0x08002108       0x24 ..\obj\usbd_core.o
 .text.USBD_IsoOUTIncomplete
                0x0800212c       0x24 ..\obj\usbd_core.o
 .text.main     0x08002150      0x204 ..\obj\main.o
                0x08002150                main
 .text.Init_ADC_Reading
                0x08002354      0x1e0 ..\obj\main.o
                0x08002354                Init_ADC_Reading
 .text.Delay    0x08002534       0x20 ..\obj\main.o
                0x08002534                Delay
 .text.RCC_AHB1PeriphClockCmd
                0x08002554       0x58 ..\obj\stm32f4xx_rcc.o
                0x08002554                RCC_AHB1PeriphClockCmd
 .text.RCC_AHB2PeriphClockCmd
                0x080025ac       0x58 ..\obj\stm32f4xx_rcc.o
                0x080025ac                RCC_AHB2PeriphClockCmd
 .text.RCC_APB2PeriphClockCmd
                0x08002604       0x58 ..\obj\stm32f4xx_rcc.o
                0x08002604                RCC_APB2PeriphClockCmd
 .text.RCC_APB1PeriphResetCmd
                0x0800265c       0x58 ..\obj\stm32f4xx_rcc.o
                0x0800265c                RCC_APB1PeriphResetCmd
 .text.RCC_APB2PeriphResetCmd
                0x080026b4       0x58 ..\obj\stm32f4xx_rcc.o
                0x080026b4                RCC_APB2PeriphResetCmd
 .text.NMI_Handler
                0x0800270c        0xc ..\obj\stm32f4xx_it.o
                0x0800270c                NMI_Handler
 .text.HardFault_Handler
                0x08002718        0x8 ..\obj\stm32f4xx_it.o
                0x08002718                HardFault_Handler
 .text.MemManage_Handler
                0x08002720        0x8 ..\obj\stm32f4xx_it.o
                0x08002720                MemManage_Handler
 .text.BusFault_Handler
                0x08002728        0x8 ..\obj\stm32f4xx_it.o
                0x08002728                BusFault_Handler
 .text.UsageFault_Handler
                0x08002730        0x8 ..\obj\stm32f4xx_it.o
                0x08002730                UsageFault_Handler
 .text.SVC_Handler
                0x08002738        0xc ..\obj\stm32f4xx_it.o
                0x08002738                SVC_Handler
 .text.DebugMon_Handler
                0x08002744        0xc ..\obj\stm32f4xx_it.o
                0x08002744                DebugMon_Handler
 .text.PendSV_Handler
                0x08002750        0xc ..\obj\stm32f4xx_it.o
                0x08002750                PendSV_Handler
 .text.SysTick_Handler
                0x0800275c        0xc ..\obj\stm32f4xx_it.o
                0x0800275c                SysTick_Handler
 .text.OTG_FS_WKUP_IRQHandler
                0x08002768       0x44 ..\obj\stm32f4xx_it.o
                0x08002768                OTG_FS_WKUP_IRQHandler
 .text.OTG_FS_IRQHandler
                0x080027ac       0x14 ..\obj\stm32f4xx_it.o
                0x080027ac                OTG_FS_IRQHandler
 .text.DMA1_Stream0_IRQHandler
                0x080027c0       0x50 ..\obj\stm32f4xx_it.o
                0x080027c0                DMA1_Stream0_IRQHandler
 .text.ADC_DeInit
                0x08002810       0x20 ..\obj\stm32f4xx_adc.o
                0x08002810                ADC_DeInit
 .text.ADC_Init
                0x08002830       0xb8 ..\obj\stm32f4xx_adc.o
                0x08002830                ADC_Init
 .text.ADC_CommonInit
                0x080028e8       0x5c ..\obj\stm32f4xx_adc.o
                0x080028e8                ADC_CommonInit
 .text.ADC_Cmd  0x08002944       0x38 ..\obj\stm32f4xx_adc.o
                0x08002944                ADC_Cmd
 .text.ADC_RegularChannelConfig
                0x0800297c      0x1bc ..\obj\stm32f4xx_adc.o
                0x0800297c                ADC_RegularChannelConfig
 .text.ADC_SoftwareStartConv
                0x08002b38       0x20 ..\obj\stm32f4xx_adc.o
                0x08002b38                ADC_SoftwareStartConv
 .text.ADC_DMACmd
                0x08002b58       0x38 ..\obj\stm32f4xx_adc.o
                0x08002b58                ADC_DMACmd
 .text.ADC_DMARequestAfterLastTransferCmd
                0x08002b90       0x38 ..\obj\stm32f4xx_adc.o
                0x08002b90                ADC_DMARequestAfterLastTransferCmd
 .text.USBD_USR_DeviceDescriptor
                0x08002bc8       0x28 ..\obj\usbd_desc.o
                0x08002bc8                USBD_USR_DeviceDescriptor
 .text.USBD_USR_LangIDStrDescriptor
                0x08002bf0       0x28 ..\obj\usbd_desc.o
                0x08002bf0                USBD_USR_LangIDStrDescriptor
 .text.USBD_USR_ProductStrDescriptor
                0x08002c18       0x54 ..\obj\usbd_desc.o
                0x08002c18                USBD_USR_ProductStrDescriptor
 .text.USBD_USR_ManufacturerStrDescriptor
                0x08002c6c       0x34 ..\obj\usbd_desc.o
                0x08002c6c                USBD_USR_ManufacturerStrDescriptor
 .text.USBD_USR_SerialStrDescriptor
                0x08002ca0       0x54 ..\obj\usbd_desc.o
                0x08002ca0                USBD_USR_SerialStrDescriptor
 .text.USBD_USR_ConfigStrDescriptor
                0x08002cf4       0x54 ..\obj\usbd_desc.o
                0x08002cf4                USBD_USR_ConfigStrDescriptor
 .text.USBD_USR_InterfaceStrDescriptor
                0x08002d48       0x54 ..\obj\usbd_desc.o
                0x08002d48                USBD_USR_InterfaceStrDescriptor
 .text.GPIO_Init
                0x08002d9c      0x154 ..\obj\stm32f4xx_gpio.o
                0x08002d9c                GPIO_Init
 .text.GPIO_ReadInputDataBit
                0x08002ef0       0x3c ..\obj\stm32f4xx_gpio.o
                0x08002ef0                GPIO_ReadInputDataBit
 .text.GPIO_PinAFConfig
                0x08002f2c       0xac ..\obj\stm32f4xx_gpio.o
                0x08002f2c                GPIO_PinAFConfig
 .text.SystemInit
                0x08002fd8       0xb0 ..\obj\system_stm32f4xx.o
                0x08002fd8                SystemInit
 .text.SetSysClock
                0x08003088      0x188 ..\obj\system_stm32f4xx.o
 .text.DMA_DeInit
                0x08003210      0x244 ..\obj\stm32f4xx_dma.o
                0x08003210                DMA_DeInit
 .text.DMA_Init
                0x08003454       0xb0 ..\obj\stm32f4xx_dma.o
                0x08003454                DMA_Init
 .text.DMA_Cmd  0x08003504       0x38 ..\obj\stm32f4xx_dma.o
                0x08003504                DMA_Cmd
 .text.DMA_ITConfig
                0x0800353c       0x78 ..\obj\stm32f4xx_dma.o
                0x0800353c                DMA_ITConfig
 .text.DMA_ClearITPendingBit
                0x080035b4       0x64 ..\obj\stm32f4xx_dma.o
                0x080035b4                DMA_ClearITPendingBit
 .text.USB_OTG_BSP_Init
                0x08003618      0x10c ..\obj\usb_bsp.o
                0x08003618                USB_OTG_BSP_Init
 .text.USB_OTG_BSP_EnableInterrupt
                0x08003724       0x3c ..\obj\usb_bsp.o
                0x08003724                USB_OTG_BSP_EnableInterrupt
 .text.USB_OTG_BSP_uDelay
                0x08003760       0x58 ..\obj\usb_bsp.o
                0x08003760                USB_OTG_BSP_uDelay
 .text.USB_OTG_BSP_mDelay
                0x080037b8       0x20 ..\obj\usb_bsp.o
                0x080037b8                USB_OTG_BSP_mDelay
 .text.USBD_StdDevReq
                0x080037d8       0xa4 ..\obj\usbd_req.o
                0x080037d8                USBD_StdDevReq
 .text.USBD_StdItfReq
                0x0800387c       0x6c ..\obj\usbd_req.o
                0x0800387c                USBD_StdItfReq
 .text.USBD_StdEPReq
                0x080038e8      0x1e4 ..\obj\usbd_req.o
                0x080038e8                USBD_StdEPReq
 .text.USBD_GetDescriptor
                0x08003acc      0x1d8 ..\obj\usbd_req.o
 .text.USBD_SetAddress
                0x08003ca4       0x80 ..\obj\usbd_req.o
 .text.USBD_SetConfig
                0x08003d24      0x134 ..\obj\usbd_req.o
 .text.USBD_GetConfig
                0x08003e58       0x68 ..\obj\usbd_req.o
 .text.USBD_GetStatus
                0x08003ec0       0x68 ..\obj\usbd_req.o
 .text.USBD_SetFeature
                0x08003f28       0xe0 ..\obj\usbd_req.o
 .text.USBD_ClrFeature
                0x08004008       0x58 ..\obj\usbd_req.o
 .text.USBD_ParseSetupRequest
                0x08004060       0x94 ..\obj\usbd_req.o
                0x08004060                USBD_ParseSetupRequest
 .text.USBD_CtlError
                0x080040f4       0x50 ..\obj\usbd_req.o
                0x080040f4                USBD_CtlError
 .text.USBD_GetString
                0x08004144       0x9c ..\obj\usbd_req.o
                0x08004144                USBD_GetString
 .text.USBD_GetLen
                0x080041e0       0x38 ..\obj\usbd_req.o
 .text.USBD_OTG_ISR_Handler
                0x08004218      0x164 ..\obj\usb_dcd_int.o
                0x08004218                USBD_OTG_ISR_Handler
 .text.DCD_HandleResume_ISR
                0x0800437c       0x8c ..\obj\usb_dcd_int.o
 .text.DCD_HandleUSBSuspend_ISR
                0x08004408       0xb0 ..\obj\usb_dcd_int.o
 .text.DCD_HandleInEP_ISR
                0x080044b8      0x234 ..\obj\usb_dcd_int.o
 .text.DCD_HandleOutEP_ISR
                0x080046ec      0x1b4 ..\obj\usb_dcd_int.o
 .text.DCD_HandleSof_ISR
                0x080048a0       0x3c ..\obj\usb_dcd_int.o
 .text.DCD_HandleRxStatusQueueLevel_ISR
                0x080048dc      0x11c ..\obj\usb_dcd_int.o
 .text.DCD_WriteEmptyTxFifo
                0x080049f8      0x100 ..\obj\usb_dcd_int.o
 .text.DCD_HandleUsbReset_ISR
                0x08004af8      0x170 ..\obj\usb_dcd_int.o
 .text.DCD_HandleEnumDone_ISR
                0x08004c68       0x88 ..\obj\usb_dcd_int.o
 .text.DCD_IsoINIncomplete_ISR
                0x08004cf0       0x3c ..\obj\usb_dcd_int.o
 .text.DCD_IsoOUTIncomplete_ISR
                0x08004d2c       0x3c ..\obj\usb_dcd_int.o
 .text.DCD_ReadDevInEP
                0x08004d68       0x58 ..\obj\usb_dcd_int.o
 .text.EXTI_Init
                0x08004dc0      0x144 ..\obj\stm32f4xx_exti.o
                0x08004dc0                EXTI_Init
 .text.EXTI_ClearITPendingBit
                0x08004f04       0x20 ..\obj\stm32f4xx_exti.o
                0x08004f04                EXTI_ClearITPendingBit
 .text.NVIC_PriorityGroupConfig
                0x08004f24       0x28 ..\obj\misc.o
                0x08004f24                NVIC_PriorityGroupConfig
 .text.NVIC_Init
                0x08004f4c       0xe4 ..\obj\misc.o
                0x08004f4c                NVIC_Init
 .text.DCD_Init
                0x08005030      0x12c ..\obj\usb_dcd.o
                0x08005030                DCD_Init
 .text.DCD_EP_Open
                0x0800515c       0xac ..\obj\usb_dcd.o
                0x0800515c                DCD_EP_Open
 .text.DCD_EP_Close
                0x08005208       0x7c ..\obj\usb_dcd.o
                0x08005208                DCD_EP_Close
 .text.DCD_EP_PrepareRx
                0x08005284       0x8c ..\obj\usb_dcd.o
                0x08005284                DCD_EP_PrepareRx
 .text.DCD_EP_Tx
                0x08005310       0x84 ..\obj\usb_dcd.o
                0x08005310                DCD_EP_Tx
 .text.DCD_EP_Stall
                0x08005394       0x80 ..\obj\usb_dcd.o
                0x08005394                DCD_EP_Stall
 .text.DCD_EP_ClrStall
                0x08005414       0x80 ..\obj\usb_dcd.o
                0x08005414                DCD_EP_ClrStall
 .text.DCD_EP_Flush
                0x08005494       0x38 ..\obj\usb_dcd.o
                0x08005494                DCD_EP_Flush
 .text.DCD_EP_SetAddress
                0x080054cc       0x40 ..\obj\usb_dcd.o
                0x080054cc                DCD_EP_SetAddress
 .text.USBD_CtlSendData
                0x0800550c       0x48 ..\obj\usbd_ioreq.o
                0x0800550c                USBD_CtlSendData
 .text.USBD_CtlContinueSendData
                0x08005554       0x30 ..\obj\usbd_ioreq.o
                0x08005554                USBD_CtlContinueSendData
 .text.USBD_CtlContinueRx
                0x08005584       0x30 ..\obj\usbd_ioreq.o
                0x08005584                USBD_CtlContinueRx
 .text.USBD_CtlSendStatus
                0x080055b4       0x3c ..\obj\usbd_ioreq.o
                0x080055b4                USBD_CtlSendStatus
 .text.USBD_CtlReceiveStatus
                0x080055f0       0x3c ..\obj\usbd_ioreq.o
                0x080055f0                USBD_CtlReceiveStatus
 *(.glue_7t)
 .glue_7t       0x00000000        0x0 linker stubs
 *(.glue_7)
 .glue_7        0x00000000        0x0 linker stubs
 *(.rodata .rodata* .gnu.linkonce.r.*)
 .rodata        0x0800562c       0x30 ..\obj\stm32f4_discovery.o
                0x0800562c                GPIO_PIN
                0x08005634                GPIO_CLK
                0x08005644                BUTTON_PIN
                0x08005648                BUTTON_CLK
                0x0800564c                BUTTON_EXTI_LINE
                0x08005650                BUTTON_PORT_SOURCE
                0x08005654                BUTTON_PIN_SOURCE
                0x08005658                BUTTON_IRQn
 .rodata        0x0800565c       0x78 ..\obj\usbd_desc.o

.vfp11_veneer   0x080056d4        0x0
 .vfp11_veneer  0x00000000        0x0 linker stubs

.v4_bx          0x080056d4        0x0
 .v4_bx         0x00000000        0x0 linker stubs

.ARM.extab
 *(.ARM.extab* .gnu.linkonce.armextab.*)
                0x080056d4                __exidx_start = .

.ARM.exidx
 *(.ARM.exidx* .gnu.linkonce.armexidx.*)
                0x080056d4                __exidx_end = .
                0x080056d4                . = ALIGN (0x4)
                0x080056d4                _etext = .
                0x080056d4                _sidata = .

.data           0x20000000      0x110 load address 0x080056d4
                0x20000000                _sdata = .
 *(.data .data.*)
 .data          0x20000000       0x1c ..\obj\usbd_usr.o
                0x20000000                USR_cb
 .data          0x2000001c       0x14 ..\obj\stm32f4_discovery.o
                0x2000001c                GPIO_PORT
                0x2000002c                BUTTON_PORT
 .data          0x20000030       0x70 ..\obj\usbd_hid_core.o
                0x20000030                USBD_HID_cb
 .data          0x200000a0       0x30 ..\obj\usbd_core.o
                0x200000a0                USBD_DCD_INT_cb
                0x200000cc                USBD_DCD_INT_fops
 .data          0x200000d0       0x40 ..\obj\usbd_desc.o
                0x200000d0                USR_desc
                0x200000ec                USBD_DeviceDesc
                0x20000100                USBD_DeviceQualifierDesc
                0x2000010c                USBD_LangIDDesc
                0x20000110                . = ALIGN (0x4)
                0x20000110                _edata = .

.bss            0x20000110      0x718 load address 0x080057e4
                0x20000110                _sbss = .
 *(.bss .bss.*)
 .bss           0x20000110       0x4c ..\obj\usbd_hid_core.o
 .bss           0x2000015c        0xc ..\obj\main.o
                0x2000015c                ADC_ConvertedValueX
                0x20000160                ADC_ConvertedValueX_1
                0x20000164                UserButtonPressed
 .bss           0x20000168       0x10 ..\obj\usbd_req.o
                0x20000168                USBD_ep_status
                0x2000016c                USBD_default_cfg
                0x20000170                USBD_cfg_status
 *(COMMON)
 COMMON         0x20000178      0x670 ..\obj\main.o
                0x20000178                InBuffer
                0x200001b8                OutBuffer
                0x200001f8                USB_OTG_dev
 COMMON         0x200007e8       0x3f ..\obj\usbd_req.o
                0x200007e8                USBD_StrDesc
                0x20000828                . = ALIGN (0x4)
 *fill*         0x20000827        0x1 00
                0x20000828                _ebss = .

.co_stack       0x20000828      0x800 load address 0x08005efc
                0x20000828                . = ALIGN (0x8)
 *(.co_stack .co_stack.*)
 .co_stack      0x20000828      0x800 ..\obj\startup_stm32f4xx.o
                0x20000828                pulStack
                0x20001028                . = ALIGN (0x4)
                0x20001028                _end = .
LOAD ..\obj\stm32f4xx_syscfg.o
LOAD ..\obj\usb_core.o
LOAD ..\obj\stm32f4xx_sdio.o
LOAD ..\obj\stm32f4xx_hash.o
LOAD ..\obj\stm32f4xx_cryp_aes.o
LOAD ..\obj\usbd_usr.o
LOAD ..\obj\stm32f4xx_hash_sha1.o
LOAD ..\obj\stm32f4xx_usart.o
LOAD ..\obj\stm32f4xx_pwr.o
LOAD ..\obj\stm32f4xx_can.o
LOAD ..\obj\stm32f4xx_wwdg.o
LOAD ..\obj\stm32f4xx_hash_md5.o
LOAD ..\obj\stm32f4xx_dac.o
LOAD ..\obj\startup_stm32f4xx.o
LOAD ..\obj\stm32f4_discovery.o
LOAD ..\obj\stm32f4xx_crc.o
LOAD ..\obj\usbd_hid_core.o
LOAD ..\obj\stm32f4xx_iwdg.o
LOAD ..\obj\usbd_core.o
LOAD ..\obj\main.o
LOAD ..\obj\stm32f4xx_rcc.o
LOAD ..\obj\stm32f4xx_it.o
LOAD ..\obj\stm32f4xx_adc.o
LOAD ..\obj\stm32f4xx_dcmi.o
LOAD ..\obj\usbd_desc.o
LOAD ..\obj\stm32f4xx_cryp_des.o
LOAD ..\obj\stm32f4xx_cryp.o
LOAD ..\obj\stm32f4xx_fsmc.o
LOAD ..\obj\stm32f4xx_gpio.o
LOAD ..\obj\stm32f4xx_flash.o
LOAD ..\obj\system_stm32f4xx.o
LOAD ..\obj\stm32f4xx_dma.o
LOAD ..\obj\usb_bsp.o
LOAD ..\obj\usbd_req.o
LOAD ..\obj\usb_dcd_int.o
LOAD ..\obj\stm32f4xx_spi.o
LOAD ..\obj\stm32f4xx_i2c.o
LOAD ..\obj\stm32f4xx_rng.o
LOAD ..\obj\stm32f4xx_exti.o
LOAD ..\obj\misc.o
LOAD ..\obj\usb_dcd.o
LOAD ..\obj\stm32f4xx_rtc.o
LOAD ..\obj\usbd_ioreq.o
LOAD ..\obj\stm32f4xx_cryp_tdes.o
LOAD ..\obj\stm32f4xx_tim.o
LOAD ..\obj\stm32f4xx_dbgmcu.o
START GROUP
LOAD c:/0work/coide/gcc/bin/../lib/gcc/arm-none-eabi/4.6.2/armv7e-m\libgcc.a
LOAD c:/0work/coide/gcc/bin/../lib/gcc/arm-none-eabi/4.6.2/../../../../arm-none-eabi/lib/armv7e-m\libg.a
LOAD c:/0work/coide/gcc/bin/../lib/gcc/arm-none-eabi/4.6.2/../../../../arm-none-eabi/lib/armv7e-m\libc.a
END GROUP
OUTPUT(usb_hid_3.elf elf32-littlearm)

.debug_info     0x00000000    0x1de75
 .debug_info    0x00000000      0x27a ..\obj\stm32f4xx_syscfg.o
 .debug_info    0x0000027a     0x27fc ..\obj\usb_core.o
 .debug_info    0x00002a76      0x8a4 ..\obj\stm32f4xx_sdio.o
 .debug_info    0x0000331a      0x586 ..\obj\stm32f4xx_hash.o
 .debug_info    0x000038a0     0x1164 ..\obj\stm32f4xx_cryp_aes.o
 .debug_info    0x00004a04      0x1c5 ..\obj\usbd_usr.o
 .debug_info    0x00004bc9      0x54a ..\obj\stm32f4xx_hash_sha1.o
 .debug_info    0x00005113      0xa4f ..\obj\stm32f4xx_usart.o
 .debug_info    0x00005b62      0x53e ..\obj\stm32f4xx_pwr.o
 .debug_info    0x000060a0      0xc62 ..\obj\stm32f4xx_can.o
 .debug_info    0x00006d02      0x256 ..\obj\stm32f4xx_wwdg.o
 .debug_info    0x00006f58      0x4e9 ..\obj\stm32f4xx_hash_md5.o
 .debug_info    0x00007441      0x683 ..\obj\stm32f4xx_dac.o
 .debug_info    0x00007ac4      0x14c ..\obj\startup_stm32f4xx.o
 .debug_info    0x00007c10      0x965 ..\obj\stm32f4_discovery.o
 .debug_info    0x00008575      0x20b ..\obj\stm32f4xx_crc.o
 .debug_info    0x00008780      0xe8c ..\obj\usbd_hid_core.o
 .debug_info    0x0000960c      0x20b ..\obj\stm32f4xx_iwdg.o
 .debug_info    0x00009817      0xff8 ..\obj\usbd_core.o
 .debug_info    0x0000a80f     0x15d6 ..\obj\main.o
 .debug_info    0x0000bde5      0xd24 ..\obj\stm32f4xx_rcc.o
 .debug_info    0x0000cb09      0xd6b ..\obj\stm32f4xx_it.o
 .debug_info    0x0000d874      0xcf5 ..\obj\stm32f4xx_adc.o
 .debug_info    0x0000e569      0x59d ..\obj\stm32f4xx_dcmi.o
 .debug_info    0x0000eb06      0x3a7 ..\obj\usbd_desc.o
 .debug_info    0x0000eead      0x560 ..\obj\stm32f4xx_cryp_des.o
 .debug_info    0x0000f40d      0x79e ..\obj\stm32f4xx_cryp.o
 .debug_info    0x0000fbab      0x9a5 ..\obj\stm32f4xx_fsmc.o
 .debug_info    0x00010550      0x639 ..\obj\stm32f4xx_gpio.o
 .debug_info    0x00010b89      0x775 ..\obj\stm32f4xx_flash.o
 .debug_info    0x000112fe      0x61d ..\obj\system_stm32f4xx.o
 .debug_info    0x0001191b      0x7a3 ..\obj\stm32f4xx_dma.o
 .debug_info    0x000120be     0x1119 ..\obj\usb_bsp.o
 .debug_info    0x000131d7     0x111b ..\obj\usbd_req.o
 .debug_info    0x000142f2     0x200e ..\obj\usb_dcd_int.o
 .debug_info    0x00016300      0xbcc ..\obj\stm32f4xx_spi.o
 .debug_info    0x00016ecc      0xb91 ..\obj\stm32f4xx_i2c.o
 .debug_info    0x00017a5d      0x291 ..\obj\stm32f4xx_rng.o
 .debug_info    0x00017cee      0x372 ..\obj\stm32f4xx_exti.o
 .debug_info    0x00018060      0x594 ..\obj\misc.o
 .debug_info    0x000185f4     0x1184 ..\obj\usb_dcd.o
 .debug_info    0x00019778     0x1223 ..\obj\stm32f4xx_rtc.o
 .debug_info    0x0001a99b      0xde4 ..\obj\usbd_ioreq.o
 .debug_info    0x0001b77f      0x6df ..\obj\stm32f4xx_cryp_tdes.o
 .debug_info    0x0001be5e     0x1e28 ..\obj\stm32f4xx_tim.o
 .debug_info    0x0001dc86      0x1ef ..\obj\stm32f4xx_dbgmcu.o

.debug_abbrev   0x00000000     0x437e
 .debug_abbrev  0x00000000      0x12a ..\obj\stm32f4xx_syscfg.o
 .debug_abbrev  0x0000012a      0x277 ..\obj\usb_core.o
 .debug_abbrev  0x000003a1      0x16d ..\obj\stm32f4xx_sdio.o
 .debug_abbrev  0x0000050e      0x1a1 ..\obj\stm32f4xx_hash.o
 .debug_abbrev  0x000006af      0x1d2 ..\obj\stm32f4xx_cryp_aes.o
 .debug_abbrev  0x00000881       0xd9 ..\obj\usbd_usr.o
 .debug_abbrev  0x0000095a      0x18f ..\obj\stm32f4xx_hash_sha1.o
 .debug_abbrev  0x00000ae9      0x14e ..\obj\stm32f4xx_usart.o
 .debug_abbrev  0x00000c37      0x175 ..\obj\stm32f4xx_pwr.o
 .debug_abbrev  0x00000dac      0x1ac ..\obj\stm32f4xx_can.o
 .debug_abbrev  0x00000f58      0x11e ..\obj\stm32f4xx_wwdg.o
 .debug_abbrev  0x00001076      0x18f ..\obj\stm32f4xx_hash_md5.o
 .debug_abbrev  0x00001205      0x172 ..\obj\stm32f4xx_dac.o
 .debug_abbrev  0x00001377       0xcd ..\obj\startup_stm32f4xx.o
 .debug_abbrev  0x00001444      0x176 ..\obj\stm32f4_discovery.o
 .debug_abbrev  0x000015ba      0x10a ..\obj\stm32f4xx_crc.o
 .debug_abbrev  0x000016c4      0x1c1 ..\obj\usbd_hid_core.o
 .debug_abbrev  0x00001885       0xfa ..\obj\stm32f4xx_iwdg.o
 .debug_abbrev  0x0000197f      0x1f4 ..\obj\usbd_core.o
 .debug_abbrev  0x00001b73      0x201 ..\obj\main.o
 .debug_abbrev  0x00001d74      0x1b7 ..\obj\stm32f4xx_rcc.o
 .debug_abbrev  0x00001f2b      0x13c ..\obj\stm32f4xx_it.o
 .debug_abbrev  0x00002067      0x189 ..\obj\stm32f4xx_adc.o
 .debug_abbrev  0x000021f0      0x17a ..\obj\stm32f4xx_dcmi.o
 .debug_abbrev  0x0000236a      0x10c ..\obj\usbd_desc.o
 .debug_abbrev  0x00002476      0x15d ..\obj\stm32f4xx_cryp_des.o
 .debug_abbrev  0x000025d3      0x180 ..\obj\stm32f4xx_cryp.o
 .debug_abbrev  0x00002753      0x166 ..\obj\stm32f4xx_fsmc.o
 .debug_abbrev  0x000028b9      0x182 ..\obj\stm32f4xx_gpio.o
 .debug_abbrev  0x00002a3b      0x168 ..\obj\stm32f4xx_flash.o
 .debug_abbrev  0x00002ba3      0x140 ..\obj\system_stm32f4xx.o
 .debug_abbrev  0x00002ce3      0x14e ..\obj\stm32f4xx_dma.o
 .debug_abbrev  0x00002e31      0x1c6 ..\obj\usb_bsp.o
 .debug_abbrev  0x00002ff7      0x253 ..\obj\usbd_req.o
 .debug_abbrev  0x0000324a      0x210 ..\obj\usb_dcd_int.o
 .debug_abbrev  0x0000345a      0x160 ..\obj\stm32f4xx_spi.o
 .debug_abbrev  0x000035ba      0x15d ..\obj\stm32f4xx_i2c.o
 .debug_abbrev  0x00003717      0x137 ..\obj\stm32f4xx_rng.o
 .debug_abbrev  0x0000384e      0x198 ..\obj\stm32f4xx_exti.o
 .debug_abbrev  0x000039e6      0x126 ..\obj\misc.o
 .debug_abbrev  0x00003b0c      0x208 ..\obj\usb_dcd.o
 .debug_abbrev  0x00003d14      0x16b ..\obj\stm32f4xx_rtc.o
 .debug_abbrev  0x00003e7f      0x165 ..\obj\usbd_ioreq.o
 .debug_abbrev  0x00003fe4      0x15d ..\obj\stm32f4xx_cryp_tdes.o
 .debug_abbrev  0x00004141      0x163 ..\obj\stm32f4xx_tim.o
 .debug_abbrev  0x000042a4       0xda ..\obj\stm32f4xx_dbgmcu.o

.debug_loc      0x00000000     0x9ef4
 .debug_loc     0x00000000      0x144 ..\obj\stm32f4xx_syscfg.o
 .debug_loc     0x00000144      0x7e0 ..\obj\usb_core.o
 .debug_loc     0x00000924      0x648 ..\obj\stm32f4xx_sdio.o
 .debug_loc     0x00000f6c      0x388 ..\obj\stm32f4xx_hash.o
 .debug_loc     0x000012f4       0xae ..\obj\stm32f4xx_cryp_aes.o
 .debug_loc     0x000013a2       0xe8 ..\obj\usbd_usr.o
 .debug_loc     0x0000148a       0x74 ..\obj\stm32f4xx_hash_sha1.o
 .debug_loc     0x000014fe      0x658 ..\obj\stm32f4xx_usart.o
 .debug_loc     0x00001b56      0x288 ..\obj\stm32f4xx_pwr.o
 .debug_loc     0x00001dde      0x578 ..\obj\stm32f4xx_can.o
 .debug_loc     0x00002356      0x19c ..\obj\stm32f4xx_wwdg.o
 .debug_loc     0x000024f2       0x74 ..\obj\stm32f4xx_hash_md5.o
 .debug_loc     0x00002566      0x3ac ..\obj\stm32f4xx_dac.o
 .debug_loc     0x00002912       0x64 ..\obj\startup_stm32f4xx.o
 .debug_loc     0x00002976      0x150 ..\obj\stm32f4_discovery.o
 .debug_loc     0x00002ac6      0x12c ..\obj\stm32f4xx_crc.o
 .debug_loc     0x00002bf2      0x188 ..\obj\usbd_hid_core.o
 .debug_loc     0x00002d7a      0x138 ..\obj\stm32f4xx_iwdg.o
 .debug_loc     0x00002eb2      0x2d8 ..\obj\usbd_core.o
 .debug_loc     0x0000318a       0xaa ..\obj\main.o
 .debug_loc     0x00003234      0x97c ..\obj\stm32f4xx_rcc.o
 .debug_loc     0x00003bb0      0x210 ..\obj\stm32f4xx_it.o
 .debug_loc     0x00003dc0      0x838 ..\obj\stm32f4xx_adc.o
 .debug_loc     0x000045f8      0x330 ..\obj\stm32f4xx_dcmi.o
 .debug_loc     0x00004928      0x188 ..\obj\usbd_desc.o
 .debug_loc     0x00004ab0       0x74 ..\obj\stm32f4xx_cryp_des.o
 .debug_loc     0x00004b24      0x394 ..\obj\stm32f4xx_cryp.o
 .debug_loc     0x00004eb8      0x41c ..\obj\stm32f4xx_fsmc.o
 .debug_loc     0x000052d4      0x310 ..\obj\stm32f4xx_gpio.o
 .debug_loc     0x000055e4      0x624 ..\obj\stm32f4xx_flash.o
 .debug_loc     0x00005c08       0x9c ..\obj\system_stm32f4xx.o
 .debug_loc     0x00005ca4      0x428 ..\obj\stm32f4xx_dma.o
 .debug_loc     0x000060cc       0xe0 ..\obj\usb_bsp.o
 .debug_loc     0x000061ac      0x310 ..\obj\usbd_req.o
 .debug_loc     0x000064bc      0x2d8 ..\obj\usb_dcd_int.o
 .debug_loc     0x00006794      0x578 ..\obj\stm32f4xx_spi.o
 .debug_loc     0x00006d0c      0x738 ..\obj\stm32f4xx_i2c.o
 .debug_loc     0x00007444      0x1a8 ..\obj\stm32f4xx_rng.o
 .debug_loc     0x000075ec      0x1b4 ..\obj\stm32f4xx_exti.o
 .debug_loc     0x000077a0      0x118 ..\obj\misc.o
 .debug_loc     0x000078b8      0x2d8 ..\obj\usb_dcd.o
 .debug_loc     0x00007b90      0xc48 ..\obj\stm32f4xx_rtc.o
 .debug_loc     0x000087d8      0x188 ..\obj\usbd_ioreq.o
 .debug_loc     0x00008960       0x74 ..\obj\stm32f4xx_cryp_tdes.o
 .debug_loc     0x000089d4     0x1420 ..\obj\stm32f4xx_tim.o
 .debug_loc     0x00009df4      0x100 ..\obj\stm32f4xx_dbgmcu.o

.debug_aranges  0x00000000     0x1b78
 .debug_aranges
                0x00000000       0x48 ..\obj\stm32f4xx_syscfg.o
 .debug_aranges
                0x00000048      0x138 ..\obj\usb_core.o
 .debug_aranges
                0x00000180      0x108 ..\obj\stm32f4xx_sdio.o
 .debug_aranges
                0x00000288       0xa0 ..\obj\stm32f4xx_hash.o
 .debug_aranges
                0x00000328       0x30 ..\obj\stm32f4xx_cryp_aes.o
 .debug_aranges
                0x00000358       0x40 ..\obj\usbd_usr.o
 .debug_aranges
                0x00000398       0x28 ..\obj\stm32f4xx_hash_sha1.o
 .debug_aranges
                0x000003c0      0x100 ..\obj\stm32f4xx_usart.o
 .debug_aranges
                0x000004c0       0x78 ..\obj\stm32f4xx_pwr.o
 .debug_aranges
                0x00000538       0xe0 ..\obj\stm32f4xx_can.o
 .debug_aranges
                0x00000618       0x58 ..\obj\stm32f4xx_wwdg.o
 .debug_aranges
                0x00000670       0x28 ..\obj\stm32f4xx_hash_md5.o
 .debug_aranges
                0x00000698       0xa0 ..\obj\stm32f4xx_dac.o
 .debug_aranges
                0x00000738       0x28 ..\obj\startup_stm32f4xx.o
 .debug_aranges
                0x00000760       0x48 ..\obj\stm32f4_discovery.o
 .debug_aranges
                0x000007a8       0x48 ..\obj\stm32f4xx_crc.o
 .debug_aranges
                0x000007f0       0x50 ..\obj\usbd_hid_core.o
 .debug_aranges
                0x00000840       0x48 ..\obj\stm32f4xx_iwdg.o
 .debug_aranges
                0x00000888       0x80 ..\obj\usbd_core.o
 .debug_aranges
                0x00000908       0x30 ..\obj\main.o
 .debug_aranges
                0x00000938      0x178 ..\obj\stm32f4xx_rcc.o
 .debug_aranges
                0x00000ab0       0x78 ..\obj\stm32f4xx_it.o
 .debug_aranges
                0x00000b28      0x148 ..\obj\stm32f4xx_adc.o
 .debug_aranges
                0x00000c70       0x90 ..\obj\stm32f4xx_dcmi.o
 .debug_aranges
                0x00000d00       0x50 ..\obj\usbd_desc.o
 .debug_aranges
                0x00000d50       0x28 ..\obj\stm32f4xx_cryp_des.o
 .debug_aranges
                0x00000d78       0xa0 ..\obj\stm32f4xx_cryp.o
 .debug_aranges
                0x00000e18       0xb0 ..\obj\stm32f4xx_fsmc.o
 .debug_aranges
                0x00000ec8       0x88 ..\obj\stm32f4xx_gpio.o
 .debug_aranges
                0x00000f50      0x108 ..\obj\stm32f4xx_flash.o
 .debug_aranges
                0x00001058       0x30 ..\obj\system_stm32f4xx.o
 .debug_aranges
                0x00001088       0xb0 ..\obj\stm32f4xx_dma.o
 .debug_aranges
                0x00001138       0x38 ..\obj\usb_bsp.o
 .debug_aranges
                0x00001170       0x88 ..\obj\usbd_req.o
 .debug_aranges
                0x000011f8       0x80 ..\obj\usb_dcd_int.o
 .debug_aranges
                0x00001278       0xe0 ..\obj\stm32f4xx_spi.o
 .debug_aranges
                0x00001358      0x120 ..\obj\stm32f4xx_i2c.o
 .debug_aranges
                0x00001478       0x58 ..\obj\stm32f4xx_rng.o
 .debug_aranges
                0x000014d0       0x58 ..\obj\stm32f4xx_exti.o
 .debug_aranges
                0x00001528       0x40 ..\obj\misc.o
 .debug_aranges
                0x00001568       0x80 ..\obj\usb_dcd.o
 .debug_aranges
                0x000015e8      0x1e0 ..\obj\stm32f4xx_rtc.o
 .debug_aranges
                0x000017c8       0x50 ..\obj\usbd_ioreq.o
 .debug_aranges
                0x00001818       0x28 ..\obj\stm32f4xx_cryp_tdes.o
 .debug_aranges
                0x00001840      0x2f8 ..\obj\stm32f4xx_tim.o
 .debug_aranges
                0x00001b38       0x40 ..\obj\stm32f4xx_dbgmcu.o

.debug_ranges   0x00000000     0x1898
 .debug_ranges  0x00000000       0x38 ..\obj\stm32f4xx_syscfg.o
 .debug_ranges  0x00000038      0x128 ..\obj\usb_core.o
 .debug_ranges  0x00000160       0xf8 ..\obj\stm32f4xx_sdio.o
 .debug_ranges  0x00000258       0x90 ..\obj\stm32f4xx_hash.o
 .debug_ranges  0x000002e8       0x20 ..\obj\stm32f4xx_cryp_aes.o
 .debug_ranges  0x00000308       0x30 ..\obj\usbd_usr.o
 .debug_ranges  0x00000338       0x18 ..\obj\stm32f4xx_hash_sha1.o
 .debug_ranges  0x00000350       0xf0 ..\obj\stm32f4xx_usart.o
 .debug_ranges  0x00000440       0x68 ..\obj\stm32f4xx_pwr.o
 .debug_ranges  0x000004a8       0xd0 ..\obj\stm32f4xx_can.o
 .debug_ranges  0x00000578       0x48 ..\obj\stm32f4xx_wwdg.o
 .debug_ranges  0x000005c0       0x18 ..\obj\stm32f4xx_hash_md5.o
 .debug_ranges  0x000005d8       0x90 ..\obj\stm32f4xx_dac.o
 .debug_ranges  0x00000668       0x18 ..\obj\startup_stm32f4xx.o
 .debug_ranges  0x00000680       0x38 ..\obj\stm32f4_discovery.o
 .debug_ranges  0x000006b8       0x38 ..\obj\stm32f4xx_crc.o
 .debug_ranges  0x000006f0       0x40 ..\obj\usbd_hid_core.o
 .debug_ranges  0x00000730       0x38 ..\obj\stm32f4xx_iwdg.o
 .debug_ranges  0x00000768       0x70 ..\obj\usbd_core.o
 .debug_ranges  0x000007d8       0x20 ..\obj\main.o
 .debug_ranges  0x000007f8      0x168 ..\obj\stm32f4xx_rcc.o
 .debug_ranges  0x00000960       0x68 ..\obj\stm32f4xx_it.o
 .debug_ranges  0x000009c8      0x138 ..\obj\stm32f4xx_adc.o
 .debug_ranges  0x00000b00       0x80 ..\obj\stm32f4xx_dcmi.o
 .debug_ranges  0x00000b80       0x40 ..\obj\usbd_desc.o
 .debug_ranges  0x00000bc0       0x18 ..\obj\stm32f4xx_cryp_des.o
 .debug_ranges  0x00000bd8       0x90 ..\obj\stm32f4xx_cryp.o
 .debug_ranges  0x00000c68       0xa0 ..\obj\stm32f4xx_fsmc.o
 .debug_ranges  0x00000d08       0x78 ..\obj\stm32f4xx_gpio.o
 .debug_ranges  0x00000d80       0xf8 ..\obj\stm32f4xx_flash.o
 .debug_ranges  0x00000e78       0x20 ..\obj\system_stm32f4xx.o
 .debug_ranges  0x00000e98       0xa0 ..\obj\stm32f4xx_dma.o
 .debug_ranges  0x00000f38       0x28 ..\obj\usb_bsp.o
 .debug_ranges  0x00000f60       0x78 ..\obj\usbd_req.o
 .debug_ranges  0x00000fd8       0x70 ..\obj\usb_dcd_int.o
 .debug_ranges  0x00001048       0xd0 ..\obj\stm32f4xx_spi.o
 .debug_ranges  0x00001118      0x110 ..\obj\stm32f4xx_i2c.o
 .debug_ranges  0x00001228       0x48 ..\obj\stm32f4xx_rng.o
 .debug_ranges  0x00001270       0x48 ..\obj\stm32f4xx_exti.o
 .debug_ranges  0x000012b8       0x30 ..\obj\misc.o
 .debug_ranges  0x000012e8       0x70 ..\obj\usb_dcd.o
 .debug_ranges  0x00001358      0x1d0 ..\obj\stm32f4xx_rtc.o
 .debug_ranges  0x00001528       0x40 ..\obj\usbd_ioreq.o
 .debug_ranges  0x00001568       0x18 ..\obj\stm32f4xx_cryp_tdes.o
 .debug_ranges  0x00001580      0x2e8 ..\obj\stm32f4xx_tim.o
 .debug_ranges  0x00001868       0x30 ..\obj\stm32f4xx_dbgmcu.o

.debug_line     0x00000000     0xa5b8
 .debug_line    0x00000000      0x1f8 ..\obj\stm32f4xx_syscfg.o
 .debug_line    0x000001f8      0x6cc ..\obj\usb_core.o
 .debug_line    0x000008c4      0x436 ..\obj\stm32f4xx_sdio.o
 .debug_line    0x00000cfa      0x362 ..\obj\stm32f4xx_hash.o
 .debug_line    0x0000105c      0x6a8 ..\obj\stm32f4xx_cryp_aes.o
 .debug_line    0x00001704      0x1a8 ..\obj\usbd_usr.o
 .debug_line    0x000018ac      0x373 ..\obj\stm32f4xx_hash_sha1.o
 .debug_line    0x00001c1f      0x496 ..\obj\stm32f4xx_usart.o
 .debug_line    0x000020b5      0x295 ..\obj\stm32f4xx_pwr.o
 .debug_line    0x0000234a      0x550 ..\obj\stm32f4xx_can.o
 .debug_line    0x0000289a      0x21a ..\obj\stm32f4xx_wwdg.o
 .debug_line    0x00002ab4      0x358 ..\obj\stm32f4xx_hash_md5.o
 .debug_line    0x00002e0c      0x354 ..\obj\stm32f4xx_dac.o
 .debug_line    0x00003160       0x8f ..\obj\startup_stm32f4xx.o
 .debug_line    0x000031ef      0x29f ..\obj\stm32f4_discovery.o
 .debug_line    0x0000348e      0x1fc ..\obj\stm32f4xx_crc.o
 .debug_line    0x0000368a      0x2a6 ..\obj\usbd_hid_core.o
 .debug_line    0x00003930      0x1ef ..\obj\stm32f4xx_iwdg.o
 .debug_line    0x00003b1f      0x375 ..\obj\usbd_core.o
 .debug_line    0x00003e94      0x42a ..\obj\main.o
 .debug_line    0x000042be      0x58e ..\obj\stm32f4xx_rcc.o
 .debug_line    0x0000484c      0x2a0 ..\obj\stm32f4xx_it.o
 .debug_line    0x00004aec      0x546 ..\obj\stm32f4xx_adc.o
 .debug_line    0x00005032      0x331 ..\obj\stm32f4xx_dcmi.o
 .debug_line    0x00005363      0x218 ..\obj\usbd_desc.o
 .debug_line    0x0000557b      0x2ee ..\obj\stm32f4xx_cryp_des.o
 .debug_line    0x00005869      0x386 ..\obj\stm32f4xx_cryp.o
 .debug_line    0x00005bef      0x44b ..\obj\stm32f4xx_fsmc.o
 .debug_line    0x0000603a      0x331 ..\obj\stm32f4xx_gpio.o
 .debug_line    0x0000636b      0x47e ..\obj\stm32f4xx_flash.o
 .debug_line    0x000067e9      0x1f4 ..\obj\system_stm32f4xx.o
 .debug_line    0x000069dd      0x3ce ..\obj\stm32f4xx_dma.o
 .debug_line    0x00006dab      0x2a7 ..\obj\usb_bsp.o
 .debug_line    0x00007052      0x438 ..\obj\usbd_req.o
 .debug_line    0x0000748a      0x3c4 ..\obj\usb_dcd_int.o
 .debug_line    0x0000784e      0x446 ..\obj\stm32f4xx_spi.o
 .debug_line    0x00007c94      0x4ce ..\obj\stm32f4xx_i2c.o
 .debug_line    0x00008162      0x21b ..\obj\stm32f4xx_rng.o
 .debug_line    0x0000837d      0x297 ..\obj\stm32f4xx_exti.o
 .debug_line    0x00008614      0x237 ..\obj\misc.o
 .debug_line    0x0000884b      0x33b ..\obj\usb_dcd.o
 .debug_line    0x00008b86      0x804 ..\obj\stm32f4xx_rtc.o
 .debug_line    0x0000938a      0x27d ..\obj\usbd_ioreq.o
 .debug_line    0x00009607      0x367 ..\obj\stm32f4xx_cryp_tdes.o
 .debug_line    0x0000996e      0xa6b ..\obj\stm32f4xx_tim.o
 .debug_line    0x0000a3d9      0x1df ..\obj\stm32f4xx_dbgmcu.o

.debug_str      0x00000000     0x8ce1
 .debug_str     0x00000000      0x255 ..\obj\stm32f4xx_syscfg.o
                                0x2ac (size before relaxing)
 .debug_str     0x00000255     0x125c ..\obj\usb_core.o
                               0x1637 (size before relaxing)
 .debug_str     0x000014b1      0x4af ..\obj\stm32f4xx_sdio.o
                                0x5f8 (size before relaxing)
 .debug_str     0x00001960      0x282 ..\obj\stm32f4xx_hash.o
                                0x3df (size before relaxing)
 .debug_str     0x00001be2      0x268 ..\obj\stm32f4xx_cryp_aes.o
                                0x394 (size before relaxing)
 .debug_str     0x00001e4a       0xa6 ..\obj\usbd_usr.o
                                0x21c (size before relaxing)
 .debug_str     0x00001ef0       0xcc ..\obj\stm32f4xx_hash_sha1.o
                                0x2a4 (size before relaxing)
 .debug_str     0x00001fbc      0x4ce ..\obj\stm32f4xx_usart.o
                                0x63c (size before relaxing)
 .debug_str     0x0000248a      0x1ee ..\obj\stm32f4xx_pwr.o
                                0x33e (size before relaxing)
 .debug_str     0x00002678      0x52f ..\obj\stm32f4xx_can.o
                                0x6eb (size before relaxing)
 .debug_str     0x00002ba7       0xf7 ..\obj\stm32f4xx_wwdg.o
                                0x22f (size before relaxing)
 .debug_str     0x00002c9e       0x9c ..\obj\stm32f4xx_hash_md5.o
                                0x29f (size before relaxing)
 .debug_str     0x00002d3a      0x2ae ..\obj\stm32f4xx_dac.o
                                0x400 (size before relaxing)
 .debug_str     0x00002fe8       0xa7 ..\obj\startup_stm32f4xx.o
                                0x10f (size before relaxing)
 .debug_str     0x0000308f      0x9d4 ..\obj\stm32f4_discovery.o
                                0xaf4 (size before relaxing)
 .debug_str     0x00003a63       0xe3 ..\obj\stm32f4xx_crc.o
                                0x1f8 (size before relaxing)
 .debug_str     0x00003b46      0x18f ..\obj\usbd_hid_core.o
                                0x9fb (size before relaxing)
 .debug_str     0x00003cd5       0xfb ..\obj\stm32f4xx_iwdg.o
                                0x219 (size before relaxing)
 .debug_str     0x00003dd0      0x185 ..\obj\usbd_core.o
                                0xa85 (size before relaxing)
 .debug_str     0x00003f55      0x385 ..\obj\main.o
                               0x13a5 (size before relaxing)
 .debug_str     0x000042da      0x5dc ..\obj\stm32f4xx_rcc.o
                                0x7fd (size before relaxing)
 .debug_str     0x000048b6      0x107 ..\obj\stm32f4xx_it.o
                                0x9b2 (size before relaxing)
 .debug_str     0x000049bd      0x4e6 ..\obj\stm32f4xx_adc.o
                                0x7b1 (size before relaxing)
 .debug_str     0x00004ea3      0x32d ..\obj\stm32f4xx_dcmi.o
                                0x486 (size before relaxing)
 .debug_str     0x000051d0      0x14b ..\obj\usbd_desc.o
                                0x31f (size before relaxing)
 .debug_str     0x0000531b       0x7b ..\obj\stm32f4xx_cryp_des.o
                                0x37f (size before relaxing)
 .debug_str     0x00005396      0x28a ..\obj\stm32f4xx_cryp.o
                                0x56a (size before relaxing)
 .debug_str     0x00005620      0x5ee ..\obj\stm32f4xx_fsmc.o
                                0x741 (size before relaxing)
 .debug_str     0x00005c0e      0x199 ..\obj\stm32f4xx_gpio.o
                                0x450 (size before relaxing)
 .debug_str     0x00005da7      0x3dc ..\obj\stm32f4xx_flash.o
                                0x534 (size before relaxing)
 .debug_str     0x00006183       0x85 ..\obj\system_stm32f4xx.o
                                0x338 (size before relaxing)
 .debug_str     0x00006208      0x274 ..\obj\stm32f4xx_dma.o
                                0x4f9 (size before relaxing)
 .debug_str     0x0000647c       0x94 ..\obj\usb_bsp.o
                               0x105d (size before relaxing)
 .debug_str     0x00006510      0x189 ..\obj\usbd_req.o
                                0xab0 (size before relaxing)
 .debug_str     0x00006699      0x29b ..\obj\usb_dcd_int.o
                               0x1235 (size before relaxing)
 .debug_str     0x00006934      0x3c0 ..\obj\stm32f4xx_spi.o
                                0x637 (size before relaxing)
 .debug_str     0x00006cf4      0x3d5 ..\obj\stm32f4xx_i2c.o
                                0x612 (size before relaxing)
 .debug_str     0x000070c9       0xf2 ..\obj\stm32f4xx_rng.o
                                0x231 (size before relaxing)
 .debug_str     0x000071bb      0x113 ..\obj\stm32f4xx_exti.o
                                0x31b (size before relaxing)
 .debug_str     0x000072ce      0x168 ..\obj\misc.o
                                0x386 (size before relaxing)
 .debug_str     0x00007436      0x121 ..\obj\usb_dcd.o
                                0xad7 (size before relaxing)
 .debug_str     0x00007557      0x977 ..\obj\stm32f4xx_rtc.o
                                0xb00 (size before relaxing)
 .debug_str     0x00007ece       0xe4 ..\obj\usbd_ioreq.o
                                0x96f (size before relaxing)
 .debug_str     0x00007fb2       0xcb ..\obj\stm32f4xx_cryp_tdes.o
                                0x385 (size before relaxing)
 .debug_str     0x0000807d      0xb75 ..\obj\stm32f4xx_tim.o
                                0xd7d (size before relaxing)
 .debug_str     0x00008bf2       0xef ..\obj\stm32f4xx_dbgmcu.o
                                0x202 (size before relaxing)

.comment        0x00000000       0x70
 .comment       0x00000000       0x70 ..\obj\stm32f4xx_syscfg.o
                                 0x71 (size before relaxing)
 .comment       0x00000000       0x71 ..\obj\usb_core.o
 .comment       0x00000000       0x71 ..\obj\stm32f4xx_sdio.o
 .comment       0x00000000       0x71 ..\obj\stm32f4xx_hash.o
 .comment       0x00000000       0x71 ..\obj\stm32f4xx_cryp_aes.o
 .comment       0x00000000       0x71 ..\obj\usbd_usr.o
 .comment       0x00000000       0x71 ..\obj\stm32f4xx_hash_sha1.o
 .comment       0x00000000       0x71 ..\obj\stm32f4xx_usart.o
 .comment       0x00000000       0x71 ..\obj\stm32f4xx_pwr.o
 .comment       0x00000000       0x71 ..\obj\stm32f4xx_can.o
 .comment       0x00000000       0x71 ..\obj\stm32f4xx_wwdg.o
 .comment       0x00000000       0x71 ..\obj\stm32f4xx_hash_md5.o
 .comment       0x00000000       0x71 ..\obj\stm32f4xx_dac.o
 .comment       0x00000000       0x71 ..\obj\startup_stm32f4xx.o
 .comment       0x00000000       0x71 ..\obj\stm32f4_discovery.o
 .comment       0x00000000       0x71 ..\obj\stm32f4xx_crc.o
 .comment       0x00000000       0x71 ..\obj\usbd_hid_core.o
 .comment       0x00000000       0x71 ..\obj\stm32f4xx_iwdg.o
 .comment       0x00000000       0x71 ..\obj\usbd_core.o
 .comment       0x00000000       0x71 ..\obj\main.o
 .comment       0x00000000       0x71 ..\obj\stm32f4xx_rcc.o
 .comment       0x00000000       0x71 ..\obj\stm32f4xx_it.o
 .comment       0x00000000       0x71 ..\obj\stm32f4xx_adc.o
 .comment       0x00000000       0x71 ..\obj\stm32f4xx_dcmi.o
 .comment       0x00000000       0x71 ..\obj\usbd_desc.o
 .comment       0x00000000       0x71 ..\obj\stm32f4xx_cryp_des.o
 .comment       0x00000000       0x71 ..\obj\stm32f4xx_cryp.o
 .comment       0x00000000       0x71 ..\obj\stm32f4xx_fsmc.o
 .comment       0x00000000       0x71 ..\obj\stm32f4xx_gpio.o
 .comment       0x00000000       0x71 ..\obj\stm32f4xx_flash.o
 .comment       0x00000000       0x71 ..\obj\system_stm32f4xx.o
 .comment       0x00000000       0x71 ..\obj\stm32f4xx_dma.o
 .comment       0x00000000       0x71 ..\obj\usb_bsp.o
 .comment       0x00000000       0x71 ..\obj\usbd_req.o
 .comment       0x00000000       0x71 ..\obj\usb_dcd_int.o
 .comment       0x00000000       0x71 ..\obj\stm32f4xx_spi.o
 .comment       0x00000000       0x71 ..\obj\stm32f4xx_i2c.o
 .comment       0x00000000       0x71 ..\obj\stm32f4xx_rng.o
 .comment       0x00000000       0x71 ..\obj\stm32f4xx_exti.o
 .comment       0x00000000       0x71 ..\obj\misc.o
 .comment       0x00000000       0x71 ..\obj\usb_dcd.o
 .comment       0x00000000       0x71 ..\obj\stm32f4xx_rtc.o
 .comment       0x00000000       0x71 ..\obj\usbd_ioreq.o
 .comment       0x00000000       0x71 ..\obj\stm32f4xx_cryp_tdes.o
 .comment       0x00000000       0x71 ..\obj\stm32f4xx_tim.o
 .comment       0x00000000       0x71 ..\obj\stm32f4xx_dbgmcu.o

.ARM.attributes
                0x00000000       0x39
 .ARM.attributes
                0x00000000       0x39 ..\obj\stm32f4xx_syscfg.o
 .ARM.attributes
                0x00000039       0x39 ..\obj\usb_core.o
 .ARM.attributes
                0x00000072       0x39 ..\obj\stm32f4xx_sdio.o
 .ARM.attributes
                0x000000ab       0x39 ..\obj\stm32f4xx_hash.o
 .ARM.attributes
                0x000000e4       0x39 ..\obj\stm32f4xx_cryp_aes.o
 .ARM.attributes
                0x0000011d       0x39 ..\obj\usbd_usr.o
 .ARM.attributes
                0x00000156       0x39 ..\obj\stm32f4xx_hash_sha1.o
 .ARM.attributes
                0x0000018f       0x39 ..\obj\stm32f4xx_usart.o
 .ARM.attributes
                0x000001c8       0x39 ..\obj\stm32f4xx_pwr.o
 .ARM.attributes
                0x00000201       0x39 ..\obj\stm32f4xx_can.o
 .ARM.attributes
                0x0000023a       0x39 ..\obj\stm32f4xx_wwdg.o
 .ARM.attributes
                0x00000273       0x39 ..\obj\stm32f4xx_hash_md5.o
 .ARM.attributes
                0x000002ac       0x39 ..\obj\stm32f4xx_dac.o
 .ARM.attributes
                0x000002e5       0x39 ..\obj\startup_stm32f4xx.o
 .ARM.attributes
                0x0000031e       0x39 ..\obj\stm32f4_discovery.o
 .ARM.attributes
                0x00000357       0x39 ..\obj\stm32f4xx_crc.o
 .ARM.attributes
                0x00000390       0x39 ..\obj\usbd_hid_core.o
 .ARM.attributes
                0x000003c9       0x39 ..\obj\stm32f4xx_iwdg.o
 .ARM.attributes
                0x00000402       0x39 ..\obj\usbd_core.o
 .ARM.attributes
                0x0000043b       0x39 ..\obj\main.o
 .ARM.attributes
                0x00000474       0x39 ..\obj\stm32f4xx_rcc.o
 .ARM.attributes
                0x000004ad       0x39 ..\obj\stm32f4xx_it.o
 .ARM.attributes
                0x000004e6       0x39 ..\obj\stm32f4xx_adc.o
 .ARM.attributes
                0x0000051f       0x39 ..\obj\stm32f4xx_dcmi.o
 .ARM.attributes
                0x00000558       0x39 ..\obj\usbd_desc.o
 .ARM.attributes
                0x00000591       0x39 ..\obj\stm32f4xx_cryp_des.o
 .ARM.attributes
                0x000005ca       0x39 ..\obj\stm32f4xx_cryp.o
 .ARM.attributes
                0x00000603       0x39 ..\obj\stm32f4xx_fsmc.o
 .ARM.attributes
                0x0000063c       0x39 ..\obj\stm32f4xx_gpio.o
 .ARM.attributes
                0x00000675       0x39 ..\obj\stm32f4xx_flash.o
 .ARM.attributes
                0x000006ae       0x39 ..\obj\system_stm32f4xx.o
 .ARM.attributes
                0x000006e7       0x39 ..\obj\stm32f4xx_dma.o
 .ARM.attributes
                0x00000720       0x39 ..\obj\usb_bsp.o
 .ARM.attributes
                0x00000759       0x39 ..\obj\usbd_req.o
 .ARM.attributes
                0x00000792       0x39 ..\obj\usb_dcd_int.o
 .ARM.attributes
                0x000007cb       0x39 ..\obj\stm32f4xx_spi.o
 .ARM.attributes
                0x00000804       0x39 ..\obj\stm32f4xx_i2c.o
 .ARM.attributes
                0x0000083d       0x39 ..\obj\stm32f4xx_rng.o
 .ARM.attributes
                0x00000876       0x39 ..\obj\stm32f4xx_exti.o
 .ARM.attributes
                0x000008af       0x39 ..\obj\misc.o
 .ARM.attributes
                0x000008e8       0x39 ..\obj\usb_dcd.o
 .ARM.attributes
                0x00000921       0x39 ..\obj\stm32f4xx_rtc.o
 .ARM.attributes
                0x0000095a       0x39 ..\obj\usbd_ioreq.o
 .ARM.attributes
                0x00000993       0x39 ..\obj\stm32f4xx_cryp_tdes.o
 .ARM.attributes
                0x000009cc       0x39 ..\obj\stm32f4xx_tim.o
 .ARM.attributes
                0x00000a05       0x39 ..\obj\stm32f4xx_dbgmcu.o

.debug_frame    0x00000000     0x5538
 .debug_frame   0x00000000       0xbc ..\obj\stm32f4xx_syscfg.o
 .debug_frame   0x000000bc      0x434 ..\obj\usb_core.o
 .debug_frame   0x000004f0      0x344 ..\obj\stm32f4xx_sdio.o
 .debug_frame   0x00000834      0x1e0 ..\obj\stm32f4xx_hash.o
 .debug_frame   0x00000a14       0x70 ..\obj\stm32f4xx_cryp_aes.o
 .debug_frame   0x00000a84       0x8c ..\obj\usbd_usr.o
 .debug_frame   0x00000b10       0x50 ..\obj\stm32f4xx_hash_sha1.o
 .debug_frame   0x00000b60      0x344 ..\obj\stm32f4xx_usart.o
 .debug_frame   0x00000ea4      0x15c ..\obj\stm32f4xx_pwr.o
 .debug_frame   0x00001000      0x2d4 ..\obj\stm32f4xx_can.o
 .debug_frame   0x000012d4       0xe8 ..\obj\stm32f4xx_wwdg.o
 .debug_frame   0x000013bc       0x50 ..\obj\stm32f4xx_hash_md5.o
 .debug_frame   0x0000140c      0x1ec ..\obj\stm32f4xx_dac.o
 .debug_frame   0x000015f8       0x48 ..\obj\startup_stm32f4xx.o
 .debug_frame   0x00001640       0xc4 ..\obj\stm32f4_discovery.o
 .debug_frame   0x00001704       0xac ..\obj\stm32f4xx_crc.o
 .debug_frame   0x000017b0       0xec ..\obj\usbd_hid_core.o
 .debug_frame   0x0000189c       0xb0 ..\obj\stm32f4xx_iwdg.o
 .debug_frame   0x0000194c      0x1ac ..\obj\usbd_core.o
 .debug_frame   0x00001af8       0x6c ..\obj\main.o
 .debug_frame   0x00001b64      0x4d8 ..\obj\stm32f4xx_rcc.o
 .debug_frame   0x0000203c      0x13c ..\obj\stm32f4xx_it.o
 .debug_frame   0x00002178      0x434 ..\obj\stm32f4xx_adc.o
 .debug_frame   0x000025ac      0x1ac ..\obj\stm32f4xx_dcmi.o
 .debug_frame   0x00002758       0xe8 ..\obj\usbd_desc.o
 .debug_frame   0x00002840       0x50 ..\obj\stm32f4xx_cryp_des.o
 .debug_frame   0x00002890      0x1e4 ..\obj\stm32f4xx_cryp.o
 .debug_frame   0x00002a74      0x220 ..\obj\stm32f4xx_fsmc.o
 .debug_frame   0x00002c94      0x19c ..\obj\stm32f4xx_gpio.o
 .debug_frame   0x00002e30      0x360 ..\obj\stm32f4xx_flash.o
 .debug_frame   0x00003190       0x64 ..\obj\system_stm32f4xx.o
 .debug_frame   0x000031f4      0x224 ..\obj\stm32f4xx_dma.o
 .debug_frame   0x00003418       0x8c ..\obj\usb_bsp.o
 .debug_frame   0x000034a4      0x1c8 ..\obj\usbd_req.o
 .debug_frame   0x0000366c      0x1ac ..\obj\usb_dcd_int.o
 .debug_frame   0x00003818      0x2d0 ..\obj\stm32f4xx_spi.o
 .debug_frame   0x00003ae8      0x3b4 ..\obj\stm32f4xx_i2c.o
 .debug_frame   0x00003e9c       0xec ..\obj\stm32f4xx_rng.o
 .debug_frame   0x00003f88       0xec ..\obj\stm32f4xx_exti.o
 .debug_frame   0x00004074       0x9c ..\obj\misc.o
 .debug_frame   0x00004110      0x1ac ..\obj\usb_dcd.o
 .debug_frame   0x000042bc      0x670 ..\obj\stm32f4xx_rtc.o
 .debug_frame   0x0000492c       0xec ..\obj\usbd_ioreq.o
 .debug_frame   0x00004a18       0x50 ..\obj\stm32f4xx_cryp_tdes.o
 .debug_frame   0x00004a68      0xa3c ..\obj\stm32f4xx_tim.o
 .debug_frame   0x000054a4       0x94 ..\obj\stm32f4xx_dbgmcu.o
